// Jest Snapshot v1, https://goo.gl/fbAQLP

exports[`components Loader UI should match the snapshot 1`] = `
<WithStyles(ForwardRef(LinearProgress))
  color="secondary"
/>
`;
