// Jest Snapshot v1, https://goo.gl/fbAQLP

exports[`components Details UI should match the snapshot 1`] = `
<Fragment>
  <WithStyles(ForwardRef(Typography))
    className="name"
    gutterBottom={true}
    variant="h4"
  />
  <WithStyles(ForwardRef(Typography))
    gutterBottom={true}
    variant="body1"
  />
</Fragment>
`;
