// Jest Snapshot v1, https://goo.gl/fbAQLP

exports[`views NotFound UI should match the snapshot 1`] = `
<div>
  <h1>
    404 - Not Found!
  </h1>
  <Link
    to="/"
  >
    Go Home
  </Link>
</div>
`;
