// Jest Snapshot v1, https://goo.gl/fbAQLP

exports[`components Error UI should match the snapshot 1`] = `
<div
  className="root"
>
  <WithStyles(ForwardRef(Typography))
    variant="h4"
  >
    Failed to fetch
  </WithStyles(ForwardRef(Typography))>
</div>
`;
